Archive member included because of file (symbol)

f:/sprints/tools/01- imt sdk/imt_sdk_win_64/winavr/bin/../lib/gcc/avr/4.3.3/avr5\libgcc.a(_mulsi3.o)
                              ./lcd.o (__mulsi3)
f:/sprints/tools/01- imt sdk/imt_sdk_win_64/winavr/bin/../lib/gcc/avr/4.3.3/avr5\libgcc.a(_udivmodsi4.o)
                              ./lcd.o (__udivmodsi4)
f:/sprints/tools/01- imt sdk/imt_sdk_win_64/winavr/bin/../lib/gcc/avr/4.3.3/avr5\libgcc.a(_divmodsi4.o)
                              ./lcd.o (__divmodsi4)
f:/sprints/tools/01- imt sdk/imt_sdk_win_64/winavr/bin/../lib/gcc/avr/4.3.3/avr5\libgcc.a(_exit.o)
                              f:/sprints/tools/01- imt sdk/imt_sdk_win_64/winavr/bin/../lib/gcc/avr/4.3.3/../../../../avr/lib/avr5/crtm32.o (exit)
f:/sprints/tools/01- imt sdk/imt_sdk_win_64/winavr/bin/../lib/gcc/avr/4.3.3/avr5\libgcc.a(_copy_data.o)
                              ./infotainment.o (__do_copy_data)
f:/sprints/tools/01- imt sdk/imt_sdk_win_64/winavr/bin/../lib/gcc/avr/4.3.3/avr5\libgcc.a(_clear_bss.o)
                              ./TIMERS.o (__do_clear_bss)

Allocating common symbols
Common symbol       size              file

SysTasks            0x18              ./os_program.o
check_array         0x4               ./os_program.o

Memory Configuration

Name             Origin             Length             Attributes
text             0x00000000         0x00020000         xr
data             0x00800060         0x0000ffa0         rw !x
eeprom           0x00810000         0x00010000         rw !x
fuse             0x00820000         0x00000400         rw !x
lock             0x00830000         0x00000400         rw !x
signature        0x00840000         0x00000400         rw !x
*default*        0x00000000         0xffffffff

Linker script and memory map

LOAD f:/sprints/tools/01- imt sdk/imt_sdk_win_64/winavr/bin/../lib/gcc/avr/4.3.3/../../../../avr/lib/avr5/crtm32.o
LOAD ./Dio.o
LOAD ./TIMERS.o
LOAD ./TIMERS2.o
LOAD ./infotainment.o
LOAD ./keypad.o
LOAD ./lcd.o
LOAD ./main.o
LOAD ./os_program.o
LOAD f:/sprints/tools/01- imt sdk/imt_sdk_win_64/winavr/bin/../lib/gcc/avr/4.3.3/avr5\libgcc.a
LOAD f:/sprints/tools/01- imt sdk/imt_sdk_win_64/winavr/bin/../lib/gcc/avr/4.3.3/../../../../avr/lib/avr5\libc.a
LOAD f:/sprints/tools/01- imt sdk/imt_sdk_win_64/winavr/bin/../lib/gcc/avr/4.3.3/avr5\libgcc.a

.hash
 *(.hash)

.dynsym
 *(.dynsym)

.dynstr
 *(.dynstr)

.gnu.version
 *(.gnu.version)

.gnu.version_d
 *(.gnu.version_d)

.gnu.version_r
 *(.gnu.version_r)

.rel.init
 *(.rel.init)

.rela.init
 *(.rela.init)

.rel.text
 *(.rel.text)
 *(.rel.text.*)
 *(.rel.gnu.linkonce.t*)

.rela.text
 *(.rela.text)
 *(.rela.text.*)
 *(.rela.gnu.linkonce.t*)

.rel.fini
 *(.rel.fini)

.rela.fini
 *(.rela.fini)

.rel.rodata
 *(.rel.rodata)
 *(.rel.rodata.*)
 *(.rel.gnu.linkonce.r*)

.rela.rodata
 *(.rela.rodata)
 *(.rela.rodata.*)
 *(.rela.gnu.linkonce.r*)

.rel.data
 *(.rel.data)
 *(.rel.data.*)
 *(.rel.gnu.linkonce.d*)

.rela.data
 *(.rela.data)
 *(.rela.data.*)
 *(.rela.gnu.linkonce.d*)

.rel.ctors
 *(.rel.ctors)

.rela.ctors
 *(.rela.ctors)

.rel.dtors
 *(.rel.dtors)

.rela.dtors
 *(.rela.dtors)

.rel.got
 *(.rel.got)

.rela.got
 *(.rela.got)

.rel.bss
 *(.rel.bss)

.rela.bss
 *(.rela.bss)

.rel.plt
 *(.rel.plt)

.rela.plt
 *(.rela.plt)

.text           0x00000000     0x1ae4
 *(.vectors)
 .vectors       0x00000000       0x54 f:/sprints/tools/01- imt sdk/imt_sdk_win_64/winavr/bin/../lib/gcc/avr/4.3.3/../../../../avr/lib/avr5/crtm32.o
                0x00000000                __vectors
                0x00000000                __vector_default
 *(.vectors)
 *(.progmem.gcc*)
 *(.progmem*)
                0x00000054                . = ALIGN (0x2)
                0x00000054                __trampolines_start = .
 *(.trampolines)
 .trampolines   0x00000054        0x0 linker stubs
 *(.trampolines*)
                0x00000054                __trampolines_end = .
 *(.jumptables)
 *(.jumptables*)
 *(.lowtext)
 *(.lowtext*)
                0x00000054                __ctors_start = .
 *(.ctors)
                0x00000054                __ctors_end = .
                0x00000054                __dtors_start = .
 *(.dtors)
                0x00000054                __dtors_end = .
 SORT(*)(.ctors)
 SORT(*)(.dtors)
 *(.init0)
 .init0         0x00000054        0x0 f:/sprints/tools/01- imt sdk/imt_sdk_win_64/winavr/bin/../lib/gcc/avr/4.3.3/../../../../avr/lib/avr5/crtm32.o
                0x00000054                __init
 *(.init0)
 *(.init1)
 *(.init1)
 *(.init2)
 .init2         0x00000054        0xc f:/sprints/tools/01- imt sdk/imt_sdk_win_64/winavr/bin/../lib/gcc/avr/4.3.3/../../../../avr/lib/avr5/crtm32.o
 *(.init2)
 *(.init3)
 *(.init3)
 *(.init4)
 .init4         0x00000060       0x16 f:/sprints/tools/01- imt sdk/imt_sdk_win_64/winavr/bin/../lib/gcc/avr/4.3.3/avr5\libgcc.a(_copy_data.o)
                0x00000060                __do_copy_data
 .init4         0x00000076       0x10 f:/sprints/tools/01- imt sdk/imt_sdk_win_64/winavr/bin/../lib/gcc/avr/4.3.3/avr5\libgcc.a(_clear_bss.o)
                0x00000076                __do_clear_bss
 *(.init4)
 *(.init5)
 *(.init5)
 *(.init6)
 *(.init6)
 *(.init7)
 *(.init7)
 *(.init8)
 *(.init8)
 *(.init9)
 .init9         0x00000086        0x8 f:/sprints/tools/01- imt sdk/imt_sdk_win_64/winavr/bin/../lib/gcc/avr/4.3.3/../../../../avr/lib/avr5/crtm32.o
 *(.init9)
 *(.text)
 .text          0x0000008e        0x4 f:/sprints/tools/01- imt sdk/imt_sdk_win_64/winavr/bin/../lib/gcc/avr/4.3.3/../../../../avr/lib/avr5/crtm32.o
                0x0000008e                __vector_1
                0x0000008e                __vector_12
                0x0000008e                __bad_interrupt
                0x0000008e                __vector_6
                0x0000008e                __vector_3
                0x0000008e                __vector_11
                0x0000008e                __vector_13
                0x0000008e                __vector_17
                0x0000008e                __vector_19
                0x0000008e                __vector_7
                0x0000008e                __vector_5
                0x0000008e                __vector_4
                0x0000008e                __vector_9
                0x0000008e                __vector_2
                0x0000008e                __vector_15
                0x0000008e                __vector_8
                0x0000008e                __vector_14
                0x0000008e                __vector_16
                0x0000008e                __vector_18
                0x0000008e                __vector_20
 .text          0x00000092        0x0 ./Dio.o
 .text          0x00000092        0x0 ./TIMERS.o
 .text          0x00000092        0x0 ./TIMERS2.o
 .text          0x00000092        0x0 ./infotainment.o
 .text          0x00000092        0x0 ./keypad.o
 .text          0x00000092        0x0 ./lcd.o
 .text          0x00000092        0x0 ./main.o
 .text          0x00000092        0x0 ./os_program.o
 .text          0x00000092        0x0 f:/sprints/tools/01- imt sdk/imt_sdk_win_64/winavr/bin/../lib/gcc/avr/4.3.3/avr5\libgcc.a(_mulsi3.o)
 .text          0x00000092        0x0 f:/sprints/tools/01- imt sdk/imt_sdk_win_64/winavr/bin/../lib/gcc/avr/4.3.3/avr5\libgcc.a(_udivmodsi4.o)
 .text          0x00000092        0x0 f:/sprints/tools/01- imt sdk/imt_sdk_win_64/winavr/bin/../lib/gcc/avr/4.3.3/avr5\libgcc.a(_divmodsi4.o)
 .text          0x00000092        0x0 f:/sprints/tools/01- imt sdk/imt_sdk_win_64/winavr/bin/../lib/gcc/avr/4.3.3/avr5\libgcc.a(_exit.o)
 .text          0x00000092        0x0 f:/sprints/tools/01- imt sdk/imt_sdk_win_64/winavr/bin/../lib/gcc/avr/4.3.3/avr5\libgcc.a(_copy_data.o)
 .text          0x00000092        0x0 f:/sprints/tools/01- imt sdk/imt_sdk_win_64/winavr/bin/../lib/gcc/avr/4.3.3/avr5\libgcc.a(_clear_bss.o)
                0x00000092                . = ALIGN (0x2)
 *(.text.*)
 .text.DIO_WritePin
                0x00000092      0x1c4 ./Dio.o
                0x00000092                DIO_WritePin
 .text.DIO_ReadPin
                0x00000256      0x154 ./Dio.o
                0x00000256                DIO_ReadPin
 .text.DIO_SetPinDirection
                0x000003aa      0x1c4 ./Dio.o
                0x000003aa                DIO_SetPinDirection
 .text.TMR_vidInit_ctc
                0x0000056e       0x8c ./TIMERS.o
                0x0000056e                TMR_vidInit_ctc
 .text.TIMER_interruptEnable
                0x000005fa       0x2a ./TIMERS.o
                0x000005fa                TIMER_interruptEnable
 .text.TMR_delay
                0x00000624       0xa2 ./TIMERS.o
                0x00000624                TMR_delay
 .text.timer_stop
                0x000006c6       0x14 ./TIMERS.o
                0x000006c6                timer_stop
 .text.OS_SetCallBack
                0x000006da       0x24 ./TIMERS.o
                0x000006da                OS_SetCallBack
 .text.__vector_10
                0x000006fe       0x66 ./TIMERS.o
                0x000006fe                __vector_10
 .text.TMR2_vidInit_ctc
                0x00000764       0x24 ./TIMERS2.o
                0x00000764                TMR2_vidInit_ctc
 .text.TMR2_delay
                0x00000788       0x8a ./TIMERS2.o
                0x00000788                TMR2_delay
 .text.Infotainment_Task
                0x00000812      0x21e ./infotainment.o
                0x00000812                Infotainment_Task
 .text.Infotainment_Delay_2Sec
                0x00000a30       0x14 ./infotainment.o
                0x00000a30                Infotainment_Delay_2Sec
 .text.Infotainment_Delay_5Sec
                0x00000a44       0x1a ./infotainment.o
                0x00000a44                Infotainment_Delay_5Sec
 .text.Keypad_init
                0x00000a5e       0xe4 ./keypad.o
                0x00000a5e                Keypad_init
 .text.Keypad_UpdateState
                0x00000b42      0x388 ./keypad.o
                0x00000b42                Keypad_UpdateState
 .text.Keypad_getKey
                0x00000eca       0xbe ./keypad.o
                0x00000eca                Keypad_getKey
 .text.LCD_init
                0x00000f88       0x94 ./lcd.o
                0x00000f88                LCD_init
 .text.LCD_sendCommand
                0x0000101c       0xda ./lcd.o
                0x0000101c                LCD_sendCommand
 .text.LCD_displayChar
                0x000010f6       0xda ./lcd.o
                0x000010f6                LCD_displayChar
 .text.LCD_gotoRowColumn
                0x000011d0       0x5c ./lcd.o
                0x000011d0                LCD_gotoRowColumn
 .text.LCD_displayString
                0x0000122c       0x52 ./lcd.o
                0x0000122c                LCD_displayString
 .text.LCD_displayStringRowColumn
                0x0000127e       0x32 ./lcd.o
                0x0000127e                LCD_displayStringRowColumn
 .text.LCD_clear
                0x000012b0       0x26 ./lcd.o
                0x000012b0                LCD_clear
 .text.reverse  0x000012d6       0x90 ./lcd.o
                0x000012d6                reverse
 .text.integer_to_string
                0x00001366      0x198 ./lcd.o
                0x00001366                integer_to_string
 .text.LCD_DispalyNumber
                0x000014fe      0x13c ./lcd.o
                0x000014fe                LCD_DispalyNumber
 .text.main     0x0000163a       0x5a ./main.o
                0x0000163a                main
 .text.OS_voidCreateTask
                0x00001694       0xcc ./os_program.o
                0x00001694                OS_voidCreateTask
 .text.OS_voidStart
                0x00001760       0xb4 ./os_program.o
                0x00001760                OS_voidStart
 .text.OS_voidDelete
                0x00001814       0x96 ./os_program.o
                0x00001814                OS_voidDelete
 .text.os_run   0x000018aa       0xc0 ./os_program.o
                0x000018aa                os_run
 .text.OS_Longterm
                0x0000196a       0xbe ./os_program.o
                0x0000196a                OS_Longterm
 .text.libgcc   0x00001a28       0x3e f:/sprints/tools/01- imt sdk/imt_sdk_win_64/winavr/bin/../lib/gcc/avr/4.3.3/avr5\libgcc.a(_mulsi3.o)
                0x00001a28                __mulsi3
 .text.libgcc   0x00001a66       0x44 f:/sprints/tools/01- imt sdk/imt_sdk_win_64/winavr/bin/../lib/gcc/avr/4.3.3/avr5\libgcc.a(_udivmodsi4.o)
                0x00001a66                __udivmodsi4
 .text.libgcc   0x00001aaa       0x36 f:/sprints/tools/01- imt sdk/imt_sdk_win_64/winavr/bin/../lib/gcc/avr/4.3.3/avr5\libgcc.a(_divmodsi4.o)
                0x00001aaa                __divmodsi4
 .text.libgcc   0x00001ae0        0x0 f:/sprints/tools/01- imt sdk/imt_sdk_win_64/winavr/bin/../lib/gcc/avr/4.3.3/avr5\libgcc.a(_exit.o)
 .text.libgcc   0x00001ae0        0x0 f:/sprints/tools/01- imt sdk/imt_sdk_win_64/winavr/bin/../lib/gcc/avr/4.3.3/avr5\libgcc.a(_copy_data.o)
 .text.libgcc   0x00001ae0        0x0 f:/sprints/tools/01- imt sdk/imt_sdk_win_64/winavr/bin/../lib/gcc/avr/4.3.3/avr5\libgcc.a(_clear_bss.o)
                0x00001ae0                . = ALIGN (0x2)
 *(.fini9)
 .fini9         0x00001ae0        0x0 f:/sprints/tools/01- imt sdk/imt_sdk_win_64/winavr/bin/../lib/gcc/avr/4.3.3/avr5\libgcc.a(_exit.o)
                0x00001ae0                exit
                0x00001ae0                _exit
 *(.fini9)
 *(.fini8)
 *(.fini8)
 *(.fini7)
 *(.fini7)
 *(.fini6)
 *(.fini6)
 *(.fini5)
 *(.fini5)
 *(.fini4)
 *(.fini4)
 *(.fini3)
 *(.fini3)
 *(.fini2)
 *(.fini2)
 *(.fini1)
 *(.fini1)
 *(.fini0)
 .fini0         0x00001ae0        0x4 f:/sprints/tools/01- imt sdk/imt_sdk_win_64/winavr/bin/../lib/gcc/avr/4.3.3/avr5\libgcc.a(_exit.o)
 *(.fini0)
                0x00001ae4                _etext = .

.data           0x00800060       0x86 load address 0x00001ae4
                0x00800060                PROVIDE (__data_start, .)
 *(.data)
 .data          0x00800060        0x0 f:/sprints/tools/01- imt sdk/imt_sdk_win_64/winavr/bin/../lib/gcc/avr/4.3.3/../../../../avr/lib/avr5/crtm32.o
 .data          0x00800060        0x0 ./Dio.o
 .data          0x00800060        0x0 ./TIMERS.o
 .data          0x00800060        0x0 ./TIMERS2.o
 .data          0x00800060       0x70 ./infotainment.o
 .data          0x008000d0        0x0 ./keypad.o
 .data          0x008000d0        0x0 ./lcd.o
 .data          0x008000d0        0x0 ./main.o
 .data          0x008000d0        0x0 ./os_program.o
 .data          0x008000d0        0x0 f:/sprints/tools/01- imt sdk/imt_sdk_win_64/winavr/bin/../lib/gcc/avr/4.3.3/avr5\libgcc.a(_mulsi3.o)
 .data          0x008000d0        0x0 f:/sprints/tools/01- imt sdk/imt_sdk_win_64/winavr/bin/../lib/gcc/avr/4.3.3/avr5\libgcc.a(_udivmodsi4.o)
 .data          0x008000d0        0x0 f:/sprints/tools/01- imt sdk/imt_sdk_win_64/winavr/bin/../lib/gcc/avr/4.3.3/avr5\libgcc.a(_divmodsi4.o)
 .data          0x008000d0        0x0 f:/sprints/tools/01- imt sdk/imt_sdk_win_64/winavr/bin/../lib/gcc/avr/4.3.3/avr5\libgcc.a(_exit.o)
 .data          0x008000d0        0x0 f:/sprints/tools/01- imt sdk/imt_sdk_win_64/winavr/bin/../lib/gcc/avr/4.3.3/avr5\libgcc.a(_copy_data.o)
 .data          0x008000d0        0x0 f:/sprints/tools/01- imt sdk/imt_sdk_win_64/winavr/bin/../lib/gcc/avr/4.3.3/avr5\libgcc.a(_clear_bss.o)
 *(.data*)
 .data.quesArrPtr
                0x008000d0        0xa ./infotainment.o
                0x008000d0                quesArrPtr
 .data.Infotainment_DisplayFlag_2Sec
                0x008000da        0x1 ./infotainment.o
 .data.Infotainment_DisplayFlag_5Sec
                0x008000db        0x1 ./infotainment.o
 .data.Start_Flag
                0x008000dc        0x1 ./infotainment.o
 .data.QuesFlag.1400
                0x008000dd        0x1 ./infotainment.o
 .data.ticktime
                0x008000de        0x2 ./os_program.o
                0x008000de                ticktime
 *(.rodata)
 *(.rodata*)
 .rodata.answArrPtr
                0x008000e0        0x5 ./infotainment.o
                0x008000e0                answArrPtr
 *(.gnu.linkonce.d*)
                0x008000e6                . = ALIGN (0x2)
 *fill*         0x008000e5        0x1 00
                0x008000e6                _edata = .
                0x008000e6                PROVIDE (__data_end, .)

.bss            0x008000e6       0x42
                0x008000e6                PROVIDE (__bss_start, .)
 *(.bss)
 .bss           0x008000e6        0x0 f:/sprints/tools/01- imt sdk/imt_sdk_win_64/winavr/bin/../lib/gcc/avr/4.3.3/../../../../avr/lib/avr5/crtm32.o
 .bss           0x008000e6        0x0 ./Dio.o
 .bss           0x008000e6        0x0 ./TIMERS.o
 .bss           0x008000e6        0x0 ./TIMERS2.o
 .bss           0x008000e6        0x0 ./infotainment.o
 .bss           0x008000e6        0x0 ./keypad.o
 .bss           0x008000e6        0x0 ./lcd.o
 .bss           0x008000e6        0x0 ./main.o
 .bss           0x008000e6        0x0 ./os_program.o
 .bss           0x008000e6        0x0 f:/sprints/tools/01- imt sdk/imt_sdk_win_64/winavr/bin/../lib/gcc/avr/4.3.3/avr5\libgcc.a(_mulsi3.o)
 .bss           0x008000e6        0x0 f:/sprints/tools/01- imt sdk/imt_sdk_win_64/winavr/bin/../lib/gcc/avr/4.3.3/avr5\libgcc.a(_udivmodsi4.o)
 .bss           0x008000e6        0x0 f:/sprints/tools/01- imt sdk/imt_sdk_win_64/winavr/bin/../lib/gcc/avr/4.3.3/avr5\libgcc.a(_divmodsi4.o)
 .bss           0x008000e6        0x0 f:/sprints/tools/01- imt sdk/imt_sdk_win_64/winavr/bin/../lib/gcc/avr/4.3.3/avr5\libgcc.a(_exit.o)
 .bss           0x008000e6        0x0 f:/sprints/tools/01- imt sdk/imt_sdk_win_64/winavr/bin/../lib/gcc/avr/4.3.3/avr5\libgcc.a(_copy_data.o)
 .bss           0x008000e6        0x0 f:/sprints/tools/01- imt sdk/imt_sdk_win_64/winavr/bin/../lib/gcc/avr/4.3.3/avr5\libgcc.a(_clear_bss.o)
 *(.bss*)
 .bss.OS_CallBackPtr_g
                0x008000e6        0x2 ./TIMERS.o
 .bss.Infotainment_State
                0x008000e8        0x1 ./infotainment.o
 .bss.result.1402
                0x008000e9        0x1 ./infotainment.o
 .bss.FinalRes_Flag.1401
                0x008000ea        0x1 ./infotainment.o
 .bss.i.1399    0x008000eb        0x1 ./infotainment.o
 .bss.key.1398  0x008000ec        0x1 ./infotainment.o
 .bss.KeyPadButton
                0x008000ed       0x12 ./keypad.o
 .bss.KeyPadButton_State
                0x008000ff        0x9 ./keypad.o
 .bss.sos_u32_Tickcounter
                0x00800108        0x4 ./os_program.o
 *(COMMON)
 COMMON         0x0080010c       0x1c ./os_program.o
                0x0080010c                SysTasks
                0x00800124                check_array
                0x00800128                PROVIDE (__bss_end, .)
                0x00001ae4                __data_load_start = LOADADDR (.data)
                0x00001b6a                __data_load_end = (__data_load_start + SIZEOF (.data))

.noinit         0x00800128        0x0
                0x00800128                PROVIDE (__noinit_start, .)
 *(.noinit*)
                0x00800128                PROVIDE (__noinit_end, .)
                0x00800128                _end = .
                0x00800128                PROVIDE (__heap_start, .)

.eeprom         0x00810000        0x0
 *(.eeprom*)
                0x00810000                __eeprom_end = .

.fuse
 *(.fuse)
 *(.lfuse)
 *(.hfuse)
 *(.efuse)

.lock
 *(.lock*)

.signature
 *(.signature*)

.stab           0x00000000     0x23e8
 *(.stab)
 .stab          0x00000000      0x438 ./Dio.o
 .stab          0x00000438      0x348 ./TIMERS.o
                                0x3e4 (size before relaxing)
 .stab          0x00000780      0x21c ./TIMERS2.o
                                0x2b8 (size before relaxing)
 .stab          0x0000099c      0x744 ./infotainment.o
                                0x840 (size before relaxing)
 .stab          0x000010e0      0x450 ./keypad.o
                                0x6c0 (size before relaxing)
 .stab          0x00001530      0x8ac ./lcd.o
                                0xb04 (size before relaxing)
 .stab          0x00001ddc      0x1ec ./main.o
                                0x4c8 (size before relaxing)
 .stab          0x00001fc8      0x420 ./os_program.o
                                0x4f8 (size before relaxing)

.stabstr        0x00000000     0x13bd
 *(.stabstr)
 .stabstr       0x00000000     0x13bd ./Dio.o

.stab.excl
 *(.stab.excl)

.stab.exclstr
 *(.stab.exclstr)

.stab.index
 *(.stab.index)

.stab.indexstr
 *(.stab.indexstr)

.comment
 *(.comment)

.debug
 *(.debug)

.line
 *(.line)

.debug_srcinfo
 *(.debug_srcinfo)

.debug_sfnames
 *(.debug_sfnames)

.debug_aranges
 *(.debug_aranges)

.debug_pubnames
 *(.debug_pubnames)

.debug_info
 *(.debug_info)
 *(.gnu.linkonce.wi.*)

.debug_abbrev
 *(.debug_abbrev)

.debug_line
 *(.debug_line)

.debug_frame
 *(.debug_frame)

.debug_str
 *(.debug_str)

.debug_loc
 *(.debug_loc)

.debug_macinfo
 *(.debug_macinfo)
OUTPUT(infotainment.elf elf32-avr)
LOAD linker stubs
