Archive member included because of file (symbol)

c:/winavr-20100110/bin/../lib/gcc/avr/4.3.3/avr5\libgcc.a(_udivmodsi4.o)
                              ./os_program.o (__udivmodsi4)
c:/winavr-20100110/bin/../lib/gcc/avr/4.3.3/avr5\libgcc.a(_exit.o)
                              c:/winavr-20100110/bin/../lib/gcc/avr/4.3.3/../../../../avr/lib/avr5/crtm32.o (exit)
c:/winavr-20100110/bin/../lib/gcc/avr/4.3.3/avr5\libgcc.a(_copy_data.o)
                              ./os_program.o (__do_copy_data)
c:/winavr-20100110/bin/../lib/gcc/avr/4.3.3/avr5\libgcc.a(_clear_bss.o)
                              ./TIMERS.o (__do_clear_bss)

Allocating common symbols
Common symbol       size              file

SysTasks            0x12              ./os_program.o
check_array         0x3               ./os_program.o

Memory Configuration

Name             Origin             Length             Attributes
text             0x00000000         0x00020000         xr
data             0x00800060         0x0000ffa0         rw !x
eeprom           0x00810000         0x00010000         rw !x
fuse             0x00820000         0x00000400         rw !x
lock             0x00830000         0x00000400         rw !x
signature        0x00840000         0x00000400         rw !x
*default*        0x00000000         0xffffffff

Linker script and memory map

LOAD c:/winavr-20100110/bin/../lib/gcc/avr/4.3.3/../../../../avr/lib/avr5/crtm32.o
LOAD ./Dio.o
LOAD ./TIMERS.o
LOAD ./TIMERS2.o
LOAD ./keypad.o
LOAD ./lcd.o
LOAD ./main.o
LOAD ./os_program.o
LOAD c:/winavr-20100110/bin/../lib/gcc/avr/4.3.3/avr5\libgcc.a
LOAD c:/winavr-20100110/bin/../lib/gcc/avr/4.3.3/../../../../avr/lib/avr5\libc.a
LOAD c:/winavr-20100110/bin/../lib/gcc/avr/4.3.3/avr5\libgcc.a

.hash
 *(.hash)

.dynsym
 *(.dynsym)

.dynstr
 *(.dynstr)

.gnu.version
 *(.gnu.version)

.gnu.version_d
 *(.gnu.version_d)

.gnu.version_r
 *(.gnu.version_r)

.rel.init
 *(.rel.init)

.rela.init
 *(.rela.init)

.rel.text
 *(.rel.text)
 *(.rel.text.*)
 *(.rel.gnu.linkonce.t*)

.rela.text
 *(.rela.text)
 *(.rela.text.*)
 *(.rela.gnu.linkonce.t*)

.rel.fini
 *(.rel.fini)

.rela.fini
 *(.rela.fini)

.rel.rodata
 *(.rel.rodata)
 *(.rel.rodata.*)
 *(.rel.gnu.linkonce.r*)

.rela.rodata
 *(.rela.rodata)
 *(.rela.rodata.*)
 *(.rela.gnu.linkonce.r*)

.rel.data
 *(.rel.data)
 *(.rel.data.*)
 *(.rel.gnu.linkonce.d*)

.rela.data
 *(.rela.data)
 *(.rela.data.*)
 *(.rela.gnu.linkonce.d*)

.rel.ctors
 *(.rel.ctors)

.rela.ctors
 *(.rela.ctors)

.rel.dtors
 *(.rel.dtors)

.rela.dtors
 *(.rela.dtors)

.rel.got
 *(.rel.got)

.rela.got
 *(.rela.got)

.rel.bss
 *(.rel.bss)

.rela.bss
 *(.rela.bss)

.rel.plt
 *(.rel.plt)

.rela.plt
 *(.rela.plt)

.text           0x00000000      0x85a
 *(.vectors)
 .vectors       0x00000000       0x54 c:/winavr-20100110/bin/../lib/gcc/avr/4.3.3/../../../../avr/lib/avr5/crtm32.o
                0x00000000                __vectors
                0x00000000                __vector_default
 *(.vectors)
 *(.progmem.gcc*)
 *(.progmem*)
                0x00000054                . = ALIGN (0x2)
                0x00000054                __trampolines_start = .
 *(.trampolines)
 .trampolines   0x00000054        0x0 linker stubs
 *(.trampolines*)
                0x00000054                __trampolines_end = .
 *(.jumptables)
 *(.jumptables*)
 *(.lowtext)
 *(.lowtext*)
                0x00000054                __ctors_start = .
 *(.ctors)
                0x00000054                __ctors_end = .
                0x00000054                __dtors_start = .
 *(.dtors)
                0x00000054                __dtors_end = .
 SORT(*)(.ctors)
 SORT(*)(.dtors)
 *(.init0)
 .init0         0x00000054        0x0 c:/winavr-20100110/bin/../lib/gcc/avr/4.3.3/../../../../avr/lib/avr5/crtm32.o
                0x00000054                __init
 *(.init0)
 *(.init1)
 *(.init1)
 *(.init2)
 .init2         0x00000054        0xc c:/winavr-20100110/bin/../lib/gcc/avr/4.3.3/../../../../avr/lib/avr5/crtm32.o
 *(.init2)
 *(.init3)
 *(.init3)
 *(.init4)
 .init4         0x00000060       0x16 c:/winavr-20100110/bin/../lib/gcc/avr/4.3.3/avr5\libgcc.a(_copy_data.o)
                0x00000060                __do_copy_data
 .init4         0x00000076       0x10 c:/winavr-20100110/bin/../lib/gcc/avr/4.3.3/avr5\libgcc.a(_clear_bss.o)
                0x00000076                __do_clear_bss
 *(.init4)
 *(.init5)
 *(.init5)
 *(.init6)
 *(.init6)
 *(.init7)
 *(.init7)
 *(.init8)
 *(.init8)
 *(.init9)
 .init9         0x00000086        0x8 c:/winavr-20100110/bin/../lib/gcc/avr/4.3.3/../../../../avr/lib/avr5/crtm32.o
 *(.init9)
 *(.text)
 .text          0x0000008e        0x4 c:/winavr-20100110/bin/../lib/gcc/avr/4.3.3/../../../../avr/lib/avr5/crtm32.o
                0x0000008e                __vector_1
                0x0000008e                __vector_12
                0x0000008e                __bad_interrupt
                0x0000008e                __vector_6
                0x0000008e                __vector_3
                0x0000008e                __vector_11
                0x0000008e                __vector_13
                0x0000008e                __vector_17
                0x0000008e                __vector_19
                0x0000008e                __vector_7
                0x0000008e                __vector_5
                0x0000008e                __vector_4
                0x0000008e                __vector_9
                0x0000008e                __vector_2
                0x0000008e                __vector_15
                0x0000008e                __vector_8
                0x0000008e                __vector_14
                0x0000008e                __vector_16
                0x0000008e                __vector_18
                0x0000008e                __vector_20
 .text          0x00000092        0x0 ./Dio.o
 .text          0x00000092        0x0 ./TIMERS.o
 .text          0x00000092        0x0 ./TIMERS2.o
 .text          0x00000092        0x0 ./keypad.o
 .text          0x00000092        0x0 ./lcd.o
 .text          0x00000092        0x0 ./main.o
 .text          0x00000092        0x0 ./os_program.o
 .text          0x00000092        0x0 c:/winavr-20100110/bin/../lib/gcc/avr/4.3.3/avr5\libgcc.a(_udivmodsi4.o)
 .text          0x00000092        0x0 c:/winavr-20100110/bin/../lib/gcc/avr/4.3.3/avr5\libgcc.a(_exit.o)
 .text          0x00000092        0x0 c:/winavr-20100110/bin/../lib/gcc/avr/4.3.3/avr5\libgcc.a(_copy_data.o)
 .text          0x00000092        0x0 c:/winavr-20100110/bin/../lib/gcc/avr/4.3.3/avr5\libgcc.a(_clear_bss.o)
                0x00000092                . = ALIGN (0x2)
 *(.text.*)
 .text.DIO_WritePin
                0x00000092      0x108 ./Dio.o
                0x00000092                DIO_WritePin
 .text.DIO_ReadPin
                0x0000019a       0x52 ./Dio.o
                0x0000019a                DIO_ReadPin
 .text.DIO_SetPinDirection
                0x000001ec       0xee ./Dio.o
                0x000001ec                DIO_SetPinDirection
 .text.TMR_vidInit_ctc
                0x000002da       0x30 ./TIMERS.o
                0x000002da                TMR_vidInit_ctc
 .text.TIMER_interruptEnable
                0x0000030a        0xe ./TIMERS.o
                0x0000030a                TIMER_interruptEnable
 .text.TMR_delay
                0x00000318       0x50 ./TIMERS.o
                0x00000318                TMR_delay
 .text.timer_stop
                0x00000368        0x4 ./TIMERS.o
                0x00000368                timer_stop
 .text.OS_SetCallBack
                0x0000036c        0xa ./TIMERS.o
                0x0000036c                OS_SetCallBack
 .text.__vector_10
                0x00000376       0x52 ./TIMERS.o
                0x00000376                __vector_10
 .text.TMR2_vidInit_ctc
                0x000003c8        0xc ./TIMERS2.o
                0x000003c8                TMR2_vidInit_ctc
 .text.TMR2_delay
                0x000003d4       0x4a ./TIMERS2.o
                0x000003d4                TMR2_delay
 .text.Keypad_init
                0x0000041e       0x1a ./keypad.o
                0x0000041e                Keypad_init
 .text.Keypad_getKey
                0x00000438       0xa6 ./keypad.o
                0x00000438                Keypad_getKey
 .text.LCD_SendCommand
                0x000004de       0x1c ./lcd.o
                0x000004de                LCD_SendCommand
 .text.LCD_Init
                0x000004fa       0x54 ./lcd.o
                0x000004fa                LCD_Init
 .text.LCD_WriteCharctr
                0x0000054e       0x1c ./lcd.o
                0x0000054e                LCD_WriteCharctr
 .text.LCD_DispString
                0x0000056a       0x26 ./lcd.o
                0x0000056a                LCD_DispString
 .text.Gotoxy   0x00000590       0x28 ./lcd.o
                0x00000590                Gotoxy
 .text.LCD_ShiftDisplayRight
                0x000005b8        0x8 ./lcd.o
                0x000005b8                LCD_ShiftDisplayRight
 .text.LCD_ShiftDisplayLeft
                0x000005c0        0x8 ./lcd.o
                0x000005c0                LCD_ShiftDisplayLeft
 .text.LCD_Clear
                0x000005c8        0x8 ./lcd.o
                0x000005c8                LCD_Clear
 .text.main     0x000005d0       0x32 ./main.o
                0x000005d0                main
 .text.OS_voidCreateTask
                0x00000602       0x54 ./os_program.o
                0x00000602                OS_voidCreateTask
 .text.OS_voidDelete
                0x00000656       0x60 ./os_program.o
                0x00000656                OS_voidDelete
 .text.os_run   0x000006b6       0x46 ./os_program.o
                0x000006b6                os_run
 .text.OS_Longterm
                0x000006fc       0xb2 ./os_program.o
                0x000006fc                OS_Longterm
 .text.OS_voidStart
                0x000007ae       0x64 ./os_program.o
                0x000007ae                OS_voidStart
 .text.libgcc   0x00000812       0x44 c:/winavr-20100110/bin/../lib/gcc/avr/4.3.3/avr5\libgcc.a(_udivmodsi4.o)
                0x00000812                __udivmodsi4
 .text.libgcc   0x00000856        0x0 c:/winavr-20100110/bin/../lib/gcc/avr/4.3.3/avr5\libgcc.a(_exit.o)
 .text.libgcc   0x00000856        0x0 c:/winavr-20100110/bin/../lib/gcc/avr/4.3.3/avr5\libgcc.a(_copy_data.o)
 .text.libgcc   0x00000856        0x0 c:/winavr-20100110/bin/../lib/gcc/avr/4.3.3/avr5\libgcc.a(_clear_bss.o)
                0x00000856                . = ALIGN (0x2)
 *(.fini9)
 .fini9         0x00000856        0x0 c:/winavr-20100110/bin/../lib/gcc/avr/4.3.3/avr5\libgcc.a(_exit.o)
                0x00000856                exit
                0x00000856                _exit
 *(.fini9)
 *(.fini8)
 *(.fini8)
 *(.fini7)
 *(.fini7)
 *(.fini6)
 *(.fini6)
 *(.fini5)
 *(.fini5)
 *(.fini4)
 *(.fini4)
 *(.fini3)
 *(.fini3)
 *(.fini2)
 *(.fini2)
 *(.fini1)
 *(.fini1)
 *(.fini0)
 .fini0         0x00000856        0x4 c:/winavr-20100110/bin/../lib/gcc/avr/4.3.3/avr5\libgcc.a(_exit.o)
 *(.fini0)
                0x0000085a                _etext = .

.data           0x00800060        0x2 load address 0x0000085a
                0x00800060                PROVIDE (__data_start, .)
 *(.data)
 .data          0x00800060        0x0 c:/winavr-20100110/bin/../lib/gcc/avr/4.3.3/../../../../avr/lib/avr5/crtm32.o
 .data          0x00800060        0x0 ./Dio.o
 .data          0x00800060        0x0 ./TIMERS.o
 .data          0x00800060        0x0 ./TIMERS2.o
 .data          0x00800060        0x0 ./keypad.o
 .data          0x00800060        0x0 ./lcd.o
 .data          0x00800060        0x0 ./main.o
 .data          0x00800060        0x0 ./os_program.o
 .data          0x00800060        0x0 c:/winavr-20100110/bin/../lib/gcc/avr/4.3.3/avr5\libgcc.a(_udivmodsi4.o)
 .data          0x00800060        0x0 c:/winavr-20100110/bin/../lib/gcc/avr/4.3.3/avr5\libgcc.a(_exit.o)
 .data          0x00800060        0x0 c:/winavr-20100110/bin/../lib/gcc/avr/4.3.3/avr5\libgcc.a(_copy_data.o)
 .data          0x00800060        0x0 c:/winavr-20100110/bin/../lib/gcc/avr/4.3.3/avr5\libgcc.a(_clear_bss.o)
 *(.data*)
 .data.ticktime
                0x00800060        0x2 ./os_program.o
                0x00800060                ticktime
 *(.rodata)
 *(.rodata*)
 *(.gnu.linkonce.d*)
                0x00800062                . = ALIGN (0x2)
                0x00800062                _edata = .
                0x00800062                PROVIDE (__data_end, .)

.bss            0x00800062       0x1b
                0x00800062                PROVIDE (__bss_start, .)
 *(.bss)
 .bss           0x00800062        0x0 c:/winavr-20100110/bin/../lib/gcc/avr/4.3.3/../../../../avr/lib/avr5/crtm32.o
 .bss           0x00800062        0x0 ./Dio.o
 .bss           0x00800062        0x0 ./TIMERS.o
 .bss           0x00800062        0x0 ./TIMERS2.o
 .bss           0x00800062        0x0 ./keypad.o
 .bss           0x00800062        0x0 ./lcd.o
 .bss           0x00800062        0x0 ./main.o
 .bss           0x00800062        0x0 ./os_program.o
 .bss           0x00800062        0x0 c:/winavr-20100110/bin/../lib/gcc/avr/4.3.3/avr5\libgcc.a(_udivmodsi4.o)
 .bss           0x00800062        0x0 c:/winavr-20100110/bin/../lib/gcc/avr/4.3.3/avr5\libgcc.a(_exit.o)
 .bss           0x00800062        0x0 c:/winavr-20100110/bin/../lib/gcc/avr/4.3.3/avr5\libgcc.a(_copy_data.o)
 .bss           0x00800062        0x0 c:/winavr-20100110/bin/../lib/gcc/avr/4.3.3/avr5\libgcc.a(_clear_bss.o)
 *(.bss*)
 .bss.OS_CallBackPtr_g
                0x00800062        0x2 ./TIMERS.o
 .bss.sos_u32_Tickcounter
                0x00800064        0x4 ./os_program.o
 *(COMMON)
 COMMON         0x00800068       0x15 ./os_program.o
                0x00800068                SysTasks
                0x0080007a                check_array
                0x0080007d                PROVIDE (__bss_end, .)
                0x0000085a                __data_load_start = LOADADDR (.data)
                0x0000085c                __data_load_end = (__data_load_start + SIZEOF (.data))

.noinit         0x0080007d        0x0
                0x0080007d                PROVIDE (__noinit_start, .)
 *(.noinit*)
                0x0080007d                PROVIDE (__noinit_end, .)
                0x0080007d                _end = .
                0x0080007d                PROVIDE (__heap_start, .)

.eeprom         0x00810000        0x0
 *(.eeprom*)
                0x00810000                __eeprom_end = .

.fuse
 *(.fuse)
 *(.lfuse)
 *(.hfuse)
 *(.efuse)

.lock
 *(.lock*)

.signature
 *(.signature*)

.stab
 *(.stab)

.stabstr
 *(.stabstr)

.stab.excl
 *(.stab.excl)

.stab.exclstr
 *(.stab.exclstr)

.stab.index
 *(.stab.index)

.stab.indexstr
 *(.stab.indexstr)

.comment
 *(.comment)

.debug
 *(.debug)

.line
 *(.line)

.debug_srcinfo
 *(.debug_srcinfo)

.debug_sfnames
 *(.debug_sfnames)

.debug_aranges
 *(.debug_aranges)

.debug_pubnames
 *(.debug_pubnames)

.debug_info
 *(.debug_info)
 *(.gnu.linkonce.wi.*)

.debug_abbrev
 *(.debug_abbrev)

.debug_line
 *(.debug_line)

.debug_frame
 *(.debug_frame)

.debug_str
 *(.debug_str)

.debug_loc
 *(.debug_loc)

.debug_macinfo
 *(.debug_macinfo)
OUTPUT(infotainment.elf elf32-avr)
LOAD linker stubs
