Archive member included because of file (symbol)

c:/winavr-20100110/bin/../lib/gcc/avr/4.3.3/avr5\libgcc.a(_mulsi3.o)
                              ./LCD.o (__mulsi3)
c:/winavr-20100110/bin/../lib/gcc/avr/4.3.3/avr5\libgcc.a(_udivmodsi4.o)
                              ./LCD.o (__udivmodsi4)
c:/winavr-20100110/bin/../lib/gcc/avr/4.3.3/avr5\libgcc.a(_divmodsi4.o)
                              ./LCD.o (__divmodsi4)
c:/winavr-20100110/bin/../lib/gcc/avr/4.3.3/avr5\libgcc.a(_exit.o)
                              c:/winavr-20100110/bin/../lib/gcc/avr/4.3.3/../../../../avr/lib/avr5/crtm32.o (exit)
c:/winavr-20100110/bin/../lib/gcc/avr/4.3.3/avr5\libgcc.a(_copy_data.o)
                              ./infotainment.o (__do_copy_data)
c:/winavr-20100110/bin/../lib/gcc/avr/4.3.3/avr5\libgcc.a(_clear_bss.o)
                              ./TIMERS.o (__do_clear_bss)

Allocating common symbols
Common symbol       size              file

SysTasks            0x12              ./os_program.o
check_array         0x3               ./os_program.o

Memory Configuration

Name             Origin             Length             Attributes
text             0x00000000         0x00020000         xr
data             0x00800060         0x0000ffa0         rw !x
eeprom           0x00810000         0x00010000         rw !x
fuse             0x00820000         0x00000400         rw !x
lock             0x00830000         0x00000400         rw !x
signature        0x00840000         0x00000400         rw !x
*default*        0x00000000         0xffffffff

Linker script and memory map

LOAD c:/winavr-20100110/bin/../lib/gcc/avr/4.3.3/../../../../avr/lib/avr5/crtm32.o
LOAD ./Dio.o
LOAD ./LCD.o
LOAD ./TIMERS.o
LOAD ./TIMERS2.o
LOAD ./infotainment.o
LOAD ./keypad.o
LOAD ./main.o
LOAD ./os_program.o
LOAD c:/winavr-20100110/bin/../lib/gcc/avr/4.3.3/avr5\libgcc.a
LOAD c:/winavr-20100110/bin/../lib/gcc/avr/4.3.3/../../../../avr/lib/avr5\libc.a
LOAD c:/winavr-20100110/bin/../lib/gcc/avr/4.3.3/avr5\libgcc.a

.hash
 *(.hash)

.dynsym
 *(.dynsym)

.dynstr
 *(.dynstr)

.gnu.version
 *(.gnu.version)

.gnu.version_d
 *(.gnu.version_d)

.gnu.version_r
 *(.gnu.version_r)

.rel.init
 *(.rel.init)

.rela.init
 *(.rela.init)

.rel.text
 *(.rel.text)
 *(.rel.text.*)
 *(.rel.gnu.linkonce.t*)

.rela.text
 *(.rela.text)
 *(.rela.text.*)
 *(.rela.gnu.linkonce.t*)

.rel.fini
 *(.rel.fini)

.rela.fini
 *(.rela.fini)

.rel.rodata
 *(.rel.rodata)
 *(.rel.rodata.*)
 *(.rel.gnu.linkonce.r*)

.rela.rodata
 *(.rela.rodata)
 *(.rela.rodata.*)
 *(.rela.gnu.linkonce.r*)

.rel.data
 *(.rel.data)
 *(.rel.data.*)
 *(.rel.gnu.linkonce.d*)

.rela.data
 *(.rela.data)
 *(.rela.data.*)
 *(.rela.gnu.linkonce.d*)

.rel.ctors
 *(.rel.ctors)

.rela.ctors
 *(.rela.ctors)

.rel.dtors
 *(.rel.dtors)

.rela.dtors
 *(.rela.dtors)

.rel.got
 *(.rel.got)

.rela.got
 *(.rela.got)

.rel.bss
 *(.rel.bss)

.rela.bss
 *(.rela.bss)

.rel.plt
 *(.rel.plt)

.rela.plt
 *(.rela.plt)

.text           0x00000000      0xdd0
 *(.vectors)
 .vectors       0x00000000       0x54 c:/winavr-20100110/bin/../lib/gcc/avr/4.3.3/../../../../avr/lib/avr5/crtm32.o
                0x00000000                __vectors
                0x00000000                __vector_default
 *(.vectors)
 *(.progmem.gcc*)
 *(.progmem*)
                0x00000054                . = ALIGN (0x2)
                0x00000054                __trampolines_start = .
 *(.trampolines)
 .trampolines   0x00000054        0x0 linker stubs
 *(.trampolines*)
                0x00000054                __trampolines_end = .
 *(.jumptables)
 *(.jumptables*)
 *(.lowtext)
 *(.lowtext*)
                0x00000054                __ctors_start = .
 *(.ctors)
                0x00000054                __ctors_end = .
                0x00000054                __dtors_start = .
 *(.dtors)
                0x00000054                __dtors_end = .
 SORT(*)(.ctors)
 SORT(*)(.dtors)
 *(.init0)
 .init0         0x00000054        0x0 c:/winavr-20100110/bin/../lib/gcc/avr/4.3.3/../../../../avr/lib/avr5/crtm32.o
                0x00000054                __init
 *(.init0)
 *(.init1)
 *(.init1)
 *(.init2)
 .init2         0x00000054        0xc c:/winavr-20100110/bin/../lib/gcc/avr/4.3.3/../../../../avr/lib/avr5/crtm32.o
 *(.init2)
 *(.init3)
 *(.init3)
 *(.init4)
 .init4         0x00000060       0x16 c:/winavr-20100110/bin/../lib/gcc/avr/4.3.3/avr5\libgcc.a(_copy_data.o)
                0x00000060                __do_copy_data
 .init4         0x00000076       0x10 c:/winavr-20100110/bin/../lib/gcc/avr/4.3.3/avr5\libgcc.a(_clear_bss.o)
                0x00000076                __do_clear_bss
 *(.init4)
 *(.init5)
 *(.init5)
 *(.init6)
 *(.init6)
 *(.init7)
 *(.init7)
 *(.init8)
 *(.init8)
 *(.init9)
 .init9         0x00000086        0x8 c:/winavr-20100110/bin/../lib/gcc/avr/4.3.3/../../../../avr/lib/avr5/crtm32.o
 *(.init9)
 *(.text)
 .text          0x0000008e        0x4 c:/winavr-20100110/bin/../lib/gcc/avr/4.3.3/../../../../avr/lib/avr5/crtm32.o
                0x0000008e                __vector_1
                0x0000008e                __vector_12
                0x0000008e                __bad_interrupt
                0x0000008e                __vector_6
                0x0000008e                __vector_3
                0x0000008e                __vector_11
                0x0000008e                __vector_13
                0x0000008e                __vector_17
                0x0000008e                __vector_19
                0x0000008e                __vector_7
                0x0000008e                __vector_5
                0x0000008e                __vector_4
                0x0000008e                __vector_9
                0x0000008e                __vector_2
                0x0000008e                __vector_15
                0x0000008e                __vector_8
                0x0000008e                __vector_14
                0x0000008e                __vector_16
                0x0000008e                __vector_18
                0x0000008e                __vector_20
 .text          0x00000092        0x0 ./Dio.o
 .text          0x00000092        0x0 ./LCD.o
 .text          0x00000092        0x0 ./TIMERS.o
 .text          0x00000092        0x0 ./TIMERS2.o
 .text          0x00000092        0x0 ./infotainment.o
 .text          0x00000092        0x0 ./keypad.o
 .text          0x00000092        0x0 ./main.o
 .text          0x00000092        0x0 ./os_program.o
 .text          0x00000092        0x0 c:/winavr-20100110/bin/../lib/gcc/avr/4.3.3/avr5\libgcc.a(_mulsi3.o)
 .text          0x00000092        0x0 c:/winavr-20100110/bin/../lib/gcc/avr/4.3.3/avr5\libgcc.a(_udivmodsi4.o)
 .text          0x00000092        0x0 c:/winavr-20100110/bin/../lib/gcc/avr/4.3.3/avr5\libgcc.a(_divmodsi4.o)
 .text          0x00000092        0x0 c:/winavr-20100110/bin/../lib/gcc/avr/4.3.3/avr5\libgcc.a(_exit.o)
 .text          0x00000092        0x0 c:/winavr-20100110/bin/../lib/gcc/avr/4.3.3/avr5\libgcc.a(_copy_data.o)
 .text          0x00000092        0x0 c:/winavr-20100110/bin/../lib/gcc/avr/4.3.3/avr5\libgcc.a(_clear_bss.o)
                0x00000092                . = ALIGN (0x2)
 *(.text.*)
 .text.DIO_WritePin
                0x00000092      0x108 ./Dio.o
                0x00000092                DIO_WritePin
 .text.DIO_ReadPin
                0x0000019a       0x52 ./Dio.o
                0x0000019a                DIO_ReadPin
 .text.DIO_SetPinDirection
                0x000001ec       0xee ./Dio.o
                0x000001ec                DIO_SetPinDirection
 .text.reverse  0x000002da       0x26 ./LCD.o
                0x000002da                reverse
 .text.integer_to_string
                0x00000300       0xe6 ./LCD.o
                0x00000300                integer_to_string
 .text.LCD_displayChar
                0x000003e6       0xac ./LCD.o
                0x000003e6                LCD_displayChar
 .text.LCD_DispalyNumber
                0x00000492       0xda ./LCD.o
                0x00000492                LCD_DispalyNumber
 .text.LCD_displayString
                0x0000056c       0x26 ./LCD.o
                0x0000056c                LCD_displayString
 .text.LCD_sendCommand
                0x00000592       0xac ./LCD.o
                0x00000592                LCD_sendCommand
 .text.LCD_clear
                0x0000063e       0x1a ./LCD.o
                0x0000063e                LCD_clear
 .text.LCD_gotoRowColumn
                0x00000658       0x28 ./LCD.o
                0x00000658                LCD_gotoRowColumn
 .text.LCD_displayStringRowColumn
                0x00000680       0x1a ./LCD.o
                0x00000680                LCD_displayStringRowColumn
 .text.LCD_init
                0x0000069a       0x84 ./LCD.o
                0x0000069a                LCD_init
 .text.TMR_vidInit_ctc
                0x0000071e       0x30 ./TIMERS.o
                0x0000071e                TMR_vidInit_ctc
 .text.TIMER_interruptEnable
                0x0000074e        0xe ./TIMERS.o
                0x0000074e                TIMER_interruptEnable
 .text.TMR_delay
                0x0000075c       0x50 ./TIMERS.o
                0x0000075c                TMR_delay
 .text.timer_stop
                0x000007ac        0x4 ./TIMERS.o
                0x000007ac                timer_stop
 .text.OS_SetCallBack
                0x000007b0        0xa ./TIMERS.o
                0x000007b0                OS_SetCallBack
 .text.__vector_10
                0x000007ba       0x52 ./TIMERS.o
                0x000007ba                __vector_10
 .text.TMR2_vidInit_ctc
                0x0000080c        0xc ./TIMERS2.o
                0x0000080c                TMR2_vidInit_ctc
 .text.TMR2_delay
                0x00000818       0x4a ./TIMERS2.o
                0x00000818                TMR2_delay
 .text.Infotainment_GetAnswer
                0x00000862       0x32 ./infotainment.o
                0x00000862                Infotainment_GetAnswer
 .text.Infotainment_ScoreDisplay
                0x00000894       0x56 ./infotainment.o
                0x00000894                Infotainment_ScoreDisplay
 .text.Infotainment_PrintQuestion
                0x000008ea       0x2a ./infotainment.o
                0x000008ea                Infotainment_PrintQuestion
 .text.Infotainment_FinalScore
                0x00000914       0x20 ./infotainment.o
                0x00000914                Infotainment_FinalScore
 .text.Infotainment_Start
                0x00000934       0x2e ./infotainment.o
                0x00000934                Infotainment_Start
 .text.Keypad_init
                0x00000962       0x1a ./keypad.o
                0x00000962                Keypad_init
 .text.ButtonTask
                0x0000097c       0xda ./keypad.o
                0x0000097c                ButtonTask
 .text.Keypad_getKey
                0x00000a56       0x88 ./keypad.o
                0x00000a56                Keypad_getKey
 .text.main     0x00000ade       0x26 ./main.o
                0x00000ade                main
 .text.OS_voidCreateTask
                0x00000b04       0x54 ./os_program.o
                0x00000b04                OS_voidCreateTask
 .text.OS_voidDelete
                0x00000b58       0x60 ./os_program.o
                0x00000b58                OS_voidDelete
 .text.os_run   0x00000bb8       0x46 ./os_program.o
                0x00000bb8                os_run
 .text.OS_Longterm
                0x00000bfe       0xb2 ./os_program.o
                0x00000bfe                OS_Longterm
 .text.OS_voidStart
                0x00000cb0       0x64 ./os_program.o
                0x00000cb0                OS_voidStart
 .text.libgcc   0x00000d14       0x3e c:/winavr-20100110/bin/../lib/gcc/avr/4.3.3/avr5\libgcc.a(_mulsi3.o)
                0x00000d14                __mulsi3
 .text.libgcc   0x00000d52       0x44 c:/winavr-20100110/bin/../lib/gcc/avr/4.3.3/avr5\libgcc.a(_udivmodsi4.o)
                0x00000d52                __udivmodsi4
 .text.libgcc   0x00000d96       0x36 c:/winavr-20100110/bin/../lib/gcc/avr/4.3.3/avr5\libgcc.a(_divmodsi4.o)
                0x00000d96                __divmodsi4
 .text.libgcc   0x00000dcc        0x0 c:/winavr-20100110/bin/../lib/gcc/avr/4.3.3/avr5\libgcc.a(_exit.o)
 .text.libgcc   0x00000dcc        0x0 c:/winavr-20100110/bin/../lib/gcc/avr/4.3.3/avr5\libgcc.a(_copy_data.o)
 .text.libgcc   0x00000dcc        0x0 c:/winavr-20100110/bin/../lib/gcc/avr/4.3.3/avr5\libgcc.a(_clear_bss.o)
                0x00000dcc                . = ALIGN (0x2)
 *(.fini9)
 .fini9         0x00000dcc        0x0 c:/winavr-20100110/bin/../lib/gcc/avr/4.3.3/avr5\libgcc.a(_exit.o)
                0x00000dcc                exit
                0x00000dcc                _exit
 *(.fini9)
 *(.fini8)
 *(.fini8)
 *(.fini7)
 *(.fini7)
 *(.fini6)
 *(.fini6)
 *(.fini5)
 *(.fini5)
 *(.fini4)
 *(.fini4)
 *(.fini3)
 *(.fini3)
 *(.fini2)
 *(.fini2)
 *(.fini1)
 *(.fini1)
 *(.fini0)
 .fini0         0x00000dcc        0x4 c:/winavr-20100110/bin/../lib/gcc/avr/4.3.3/avr5\libgcc.a(_exit.o)
 *(.fini0)
                0x00000dd0                _etext = .

.data           0x00800060       0x74 load address 0x00000dd0
                0x00800060                PROVIDE (__data_start, .)
 *(.data)
 .data          0x00800060        0x0 c:/winavr-20100110/bin/../lib/gcc/avr/4.3.3/../../../../avr/lib/avr5/crtm32.o
 .data          0x00800060        0x0 ./Dio.o
 .data          0x00800060        0x0 ./LCD.o
 .data          0x00800060        0x0 ./TIMERS.o
 .data          0x00800060        0x0 ./TIMERS2.o
 .data          0x00800060       0x5f ./infotainment.o
 .data          0x008000bf        0x0 ./keypad.o
 .data          0x008000bf        0x0 ./main.o
 .data          0x008000bf        0x0 ./os_program.o
 .data          0x008000bf        0x0 c:/winavr-20100110/bin/../lib/gcc/avr/4.3.3/avr5\libgcc.a(_mulsi3.o)
 .data          0x008000bf        0x0 c:/winavr-20100110/bin/../lib/gcc/avr/4.3.3/avr5\libgcc.a(_udivmodsi4.o)
 .data          0x008000bf        0x0 c:/winavr-20100110/bin/../lib/gcc/avr/4.3.3/avr5\libgcc.a(_divmodsi4.o)
 .data          0x008000bf        0x0 c:/winavr-20100110/bin/../lib/gcc/avr/4.3.3/avr5\libgcc.a(_exit.o)
 .data          0x008000bf        0x0 c:/winavr-20100110/bin/../lib/gcc/avr/4.3.3/avr5\libgcc.a(_copy_data.o)
 .data          0x008000bf        0x0 c:/winavr-20100110/bin/../lib/gcc/avr/4.3.3/avr5\libgcc.a(_clear_bss.o)
 *(.data*)
 .data.quesArrPtr
                0x008000bf        0xa ./infotainment.o
                0x008000bf                quesArrPtr
 .data.Press_count
                0x008000c9        0x1 ./keypad.o
 .data.Release_count
                0x008000ca        0x1 ./keypad.o
 .data.Button_State.1360
                0x008000cb        0x1 ./keypad.o
 .data.ticktime
                0x008000cc        0x2 ./os_program.o
                0x008000cc                ticktime
 *(.rodata)
 *(.rodata*)
 .rodata.answArrPtr
                0x008000ce        0x5 ./infotainment.o
                0x008000ce                answArrPtr
 *(.gnu.linkonce.d*)
                0x008000d4                . = ALIGN (0x2)
 *fill*         0x008000d3        0x1 00
                0x008000d4                _edata = .
                0x008000d4                PROVIDE (__data_end, .)

.bss            0x008000d4       0x24
                0x008000d4                PROVIDE (__bss_start, .)
 *(.bss)
 .bss           0x008000d4        0x0 c:/winavr-20100110/bin/../lib/gcc/avr/4.3.3/../../../../avr/lib/avr5/crtm32.o
 .bss           0x008000d4        0x0 ./Dio.o
 .bss           0x008000d4        0x0 ./LCD.o
 .bss           0x008000d4        0x0 ./TIMERS.o
 .bss           0x008000d4        0x0 ./TIMERS2.o
 .bss           0x008000d4        0x0 ./infotainment.o
 .bss           0x008000d4        0x0 ./keypad.o
 .bss           0x008000d4        0x0 ./main.o
 .bss           0x008000d4        0x0 ./os_program.o
 .bss           0x008000d4        0x0 c:/winavr-20100110/bin/../lib/gcc/avr/4.3.3/avr5\libgcc.a(_mulsi3.o)
 .bss           0x008000d4        0x0 c:/winavr-20100110/bin/../lib/gcc/avr/4.3.3/avr5\libgcc.a(_udivmodsi4.o)
 .bss           0x008000d4        0x0 c:/winavr-20100110/bin/../lib/gcc/avr/4.3.3/avr5\libgcc.a(_divmodsi4.o)
 .bss           0x008000d4        0x0 c:/winavr-20100110/bin/../lib/gcc/avr/4.3.3/avr5\libgcc.a(_exit.o)
 .bss           0x008000d4        0x0 c:/winavr-20100110/bin/../lib/gcc/avr/4.3.3/avr5\libgcc.a(_copy_data.o)
 .bss           0x008000d4        0x0 c:/winavr-20100110/bin/../lib/gcc/avr/4.3.3/avr5\libgcc.a(_clear_bss.o)
 *(.bss*)
 .bss.OS_CallBackPtr_g
                0x008000d4        0x2 ./TIMERS.o
 .bss.Infotainment_Status
                0x008000d6        0x1 ./infotainment.o
                0x008000d6                Infotainment_Status
 .bss.Infotainment_Score
                0x008000d7        0x1 ./infotainment.o
 .bss.Infotainment_NewDataFlag_g
                0x008000d8        0x1 ./infotainment.o
 .bss.Infotainment_Result_g
                0x008000d9        0x1 ./infotainment.o
 .bss.Infotainment_Question_Index_g
                0x008000da        0x1 ./infotainment.o
 .bss.Ci        0x008000db        0x1 ./keypad.o
                0x008000db                Ci
 .bss.Ri        0x008000dc        0x1 ./keypad.o
                0x008000dc                Ri
 .bss.ProgramSteps
                0x008000dd        0x1 ./keypad.o
                0x008000dd                ProgramSteps
 .bss.value_keypad
                0x008000de        0x1 ./keypad.o
 .bss.sos_u32_Tickcounter
                0x008000df        0x4 ./os_program.o
 *(COMMON)
 COMMON         0x008000e3       0x15 ./os_program.o
                0x008000e3                SysTasks
                0x008000f5                check_array
                0x008000f8                PROVIDE (__bss_end, .)
                0x00000dd0                __data_load_start = LOADADDR (.data)
                0x00000e44                __data_load_end = (__data_load_start + SIZEOF (.data))

.noinit         0x008000f8        0x0
                0x008000f8                PROVIDE (__noinit_start, .)
 *(.noinit*)
                0x008000f8                PROVIDE (__noinit_end, .)
                0x008000f8                _end = .
                0x008000f8                PROVIDE (__heap_start, .)

.eeprom         0x00810000        0x0
 *(.eeprom*)
                0x00810000                __eeprom_end = .

.fuse
 *(.fuse)
 *(.lfuse)
 *(.hfuse)
 *(.efuse)

.lock
 *(.lock*)

.signature
 *(.signature*)

.stab
 *(.stab)

.stabstr
 *(.stabstr)

.stab.excl
 *(.stab.excl)

.stab.exclstr
 *(.stab.exclstr)

.stab.index
 *(.stab.index)

.stab.indexstr
 *(.stab.indexstr)

.comment
 *(.comment)

.debug
 *(.debug)

.line
 *(.line)

.debug_srcinfo
 *(.debug_srcinfo)

.debug_sfnames
 *(.debug_sfnames)

.debug_aranges
 *(.debug_aranges)

.debug_pubnames
 *(.debug_pubnames)

.debug_info
 *(.debug_info)
 *(.gnu.linkonce.wi.*)

.debug_abbrev
 *(.debug_abbrev)

.debug_line
 *(.debug_line)

.debug_frame
 *(.debug_frame)

.debug_str
 *(.debug_str)

.debug_loc
 *(.debug_loc)

.debug_macinfo
 *(.debug_macinfo)
OUTPUT(infotainment.elf elf32-avr)
LOAD linker stubs
